// Jest Snapshot v1, https://goo.gl/fbAQLP

exports[`Button utility component matches the expected snapshot 1`] = `
<button
  className="Button something"
  disabled={undefined}
  onClick={[MockFunction]}
  type={undefined}
>
  Andrej's Button
</button>
`;
